// Jest Snapshot v1, https://goo.gl/fbAQLP

exports[`FilledRequest component renders a FilledRequest 1`] = `
<Fragment>
  <p>
    GET
  </p>
  <p>
    https://futuramaapi.com
  </p>
</Fragment>
`;
