// Jest Snapshot v1, https://goo.gl/fbAQLP

exports[`Response Component displays a Response object or array 1`] = `
<Fragment>
  <div>
    <t
      collapseStringsAfterLength={false}
      collapsed={false}
      defaultValue={null}
      displayDataTypes={true}
      displayObjectSize={true}
      enableClipboard={true}
      groupArraysAfterLength={100}
      iconStyle="triangle"
      indentWidth={4}
      name="root"
      onAdd={false}
      onDelete={false}
      onEdit={false}
      onSelect={false}
      shouldCollapse={false}
      sortKeys={false}
      src={
        Array [
          Object {
            "character": "Bender",
            "image": "https://res.cloudinary.com/dzxqhkyqd/image/fetch/c_scale,w_500/https://res.cloudinary.com/dzxqhkyqd/image/upload/v1552429540/bender.png",
            "quote": "Bite my shiny metal ass.",
          },
          Object {
            "character": "Leela",
            "image": "https://res.cloudinary.com/dzxqhkyqd/image/upload/v1554904145/leela.png",
            "quote": "...at least here you'll be treated with dignity. Now strip naked and get on
the probulator.",
          },
        ]
      }
      style={Object {}}
      theme="flat"
      validationMessage="Validation Error"
    />
  </div>
</Fragment>
`;
